<html>
<body>
<pre>
<h1>µVision Build Log</h1>
<h2>Tool Versions:</h2>
IDE-Version: µVision V5.24.2.0
Copyright (C) 2017 ARM Ltd and ARM Germany GmbH. All rights reserved.
License Information: Akmal Akmalov, Alliance of Food, LIC=----
 
Tool Versions:
Toolchain:       MDK-Lite  Version: 5.24.1
Toolchain Path:  D:\Keil_v5\ARM\ARMCC\Bin
C Compiler:      Armcc.exe V5.06 update 5 (build 528)
Assembler:       Armasm.exe V5.06 update 5 (build 528)
Linker/Locator:  ArmLink.exe V5.06 update 5 (build 528)
Library Manager: ArmAr.exe V5.06 update 5 (build 528)
Hex Converter:   FromElf.exe V5.06 update 5 (build 528)
CPU DLL:         SARMCM3.DLL V5.24.1
Dialog DLL:      DCM.DLL V1.16.0.0
Target DLL:      UL2CM3.DLL V1.160.3.0
Dialog DLL:      TCM.DLL V1.32.0.0
 
<h2>Project:</h2>
E:\MDR_Blink\MDR_Blink.uvprojx
Project File Date:  08/06/2018

<h2>Output:</h2>
*** Using Compiler 'V5.06 update 5 (build 528)', folder: 'D:\Keil_v5\ARM\ARMCC\Bin'
Rebuild target 'Target 1'
assembling startup_MDR32F9Qx.s...
compiling system_MDR32F9Qx.c...
compiling main.c...
compiling MDR32F9Qx_port.c...
compiling MDR32F9Qx_rst_clk.c...
linking...
Program Size: Code=1200 RO-data=224 RW-data=4 ZI-data=1644  
".\Objects\MDR_Blink.axf" - 0 Error(s), 0 Warning(s).

<h2>Software Packages used:</h2>

Package Vendor: ARM
                http://www.keil.com/pack/ARM.CMSIS.5.4.0.pack
                ARM.CMSIS.5.4.0
                CMSIS (Cortex Microcontroller Software Interface Standard)
   * Component: CORE Version: 5.1.2

Package Vendor: Keil
                http://www.keil.com/pack/Keil.MDR1986BExx.1.4.pack
                Keil.MDR1986BExx.1.4
                Milandr MDR1986BExx Series Device Support, Drivers and Examples
   * Component: RST_CLK Version: 1.3.1
   * Component: PORT Version: 1.3.1
   * Component: Startup_MDR1986BE9x Version: 1.3.1

<h2>Collection of Component include folders:</h2>
  .\RTE\Device\MDR1986BE92
  .\RTE\_Target_1
  D:\Keil_v5\ARM\PACK\ARM\CMSIS\5.4.0\CMSIS\Core\Include
  D:\Keil_v5\ARM\PACK\Keil\MDR1986BExx\1.4\Config
  D:\Keil_v5\ARM\PACK\Keil\MDR1986BExx\1.4\Libraries\CMSIS\CM3\CoreSupport
  D:\Keil_v5\ARM\PACK\Keil\MDR1986BExx\1.4\Libraries\CMSIS\CM3\DeviceSupport\MDR32F9Qx\inc
  D:\Keil_v5\ARM\PACK\Keil\MDR1986BExx\1.4\Libraries\MDR32F9Qx_StdPeriph_Driver\inc

<h2>Collection of Component Files used:</h2>

   * Component: Keil::Drivers:RST_CLK:1.3.1
      Include file:  Libraries\MDR32F9Qx_StdPeriph_Driver\inc\MDR32F9Qx_rst_clk.h
      Source file:   Libraries\MDR32F9Qx_StdPeriph_Driver\src\MDR32F9Qx_rst_clk.c

   * Component: Keil::Drivers:PORT:1.3.1
      Include file:  Libraries\MDR32F9Qx_StdPeriph_Driver\inc\MDR32F9Qx_port.h
      Source file:   Libraries\MDR32F9Qx_StdPeriph_Driver\src\MDR32F9Qx_port.c

   * Component: Keil::Device:Startup_MDR1986BE9x:1.3.1
      Source file:   Libraries\CMSIS\CM3\DeviceSupport\MDR32F9Qx\startup\arm\startup_MDR32F9Qx.s
      Source file:   Libraries\CMSIS\CM3\DeviceSupport\MDR32F9Qx\startup\arm\system_MDR32F9Qx.c
      Include file:  Libraries\CMSIS\CM3\DeviceSupport\MDR32F9Qx\startup\arm\system_MDR32F9Qx.h
      Include file:  Libraries\CMSIS\CM3\CoreSupport\core_cm3.h
      Include file:  Config\MDR32F9Qx_config.h

   * Component: ARM::CMSIS:CORE:5.1.2
Build Time Elapsed:  00:00:01
</pre>
</body>
</html>
